RAM Allocation [bytes]
Variable                                                                          Address   Size
------------------------------------------------------------------------------------------------
f                                                                                 0x0260       4
_base_y                                                                           0x0264       4
_seed                                                                             0x0268       4

EEPROM Allocation [bytes]
Variable                                                                          Address   Size
------------------------------------------------------------------------------------------------

Register Allocation
Variable                                                                          Register  Size
------------------------------------------------------------------------------------------------
_lcd_x                                                                            R5           1
_lcd_y                                                                            R4           1
_lcd_maxx                                                                         R7           1

FLASH Allocation [words]
Function                                                                          Address   Size
------------------------------------------------------------------------------------------------
display                                                                           0x00079     57
main                                                                              0x000B2    107
put_buff_G100                                                                     0x0011D     58
_ftoe_G100                                                                        0x00157    207
_print_G100                                                                       0x00226    538
sprintf                                                                           0x00440     52
_lcd_delay_G101                                                                   0x00474      4
_lcd_ready                                                                        0x00478     17
_lcd_write_nibble_G101                                                            0x00489     10
_lcd_write_data                                                                   0x00493     15
_lcd_read_nibble_G101                                                             0x004A2      9
lcd_read_byte0_G101                                                               0x004AB      9
lcd_gotoxy                                                                        0x004B4     16
lcd_clear                                                                         0x004C4     19
lcd_putchar                                                                       0x004D7     26
lcd_puts                                                                          0x004F1     15
lcd_putsf                                                                         0x00500     19
_long_delay_G101                                                                  0x00513      5
_lcd_init_write_G101                                                              0x00518     12
lcd_init                                                                          0x00524     51
strcpyf                                                                           0x00557     13
strlen                                                                            0x00564     12
strlenf                                                                           0x00570     13
ftrunc                                                                            0x0057D     49
floor                                                                             0x005AE     23
ftoa                                                                              0x005C5    153
